// Jest Snapshot v1, https://goo.gl/fbAQLP

exports[`[GM] Game processMessage after game started should reject message from busy player 1`] = `"Sender is busy"`;

exports[`[GM] Game processMessage after game started should reject message from non existing player 1`] = `"Sender ID is invalid"`;

exports[`[GM] Game processMessage should reject message when the game is not in progress 1`] = `"Game is not in progress"`;
